[?2004h(base) ]0;lahiru-menik@lahiru-menik-ASUS-EXPERTBOOK: ~/Documents/fyp/e19-4yp-Solve-Issues-In-Large-Code-Repositories/code/retriever[01;32mlahiru-menik@lahiru-menik-ASUS-EXPERTBOOK[00m:[01;34m~/Documents/fyp/e19-4yp-Solve-Issues-In-Large-Code-Repositories/code/retriever[00m$ export PS1='__PEXPECT_PROMPT__# '
export PS1='__PEXPECT_PROMPT__# '
rm -rf testbed/django ; status=$? ; echo __CMD_DONE_42A7EE__$status
[?2004l[?2004h__PEXPECT_PROMPT__# rm -rf testbed/django ; status=$? ; echo __CMD_DONE_42A7EE__$status
[?2004l__CMD_DONE_42A7EE__0
cp -r django testbed ; status=$? ; echo __CMD_DONE_42A7EE__$status
[?2004h__PEXPECT_PROMPT__# cp -r django testbed ; status=$? ; echo __CMD_DONE_42A7EE__$status
[?2004l__CMD_DONE_42A7EE__0
[?2004h__PEXPECT_PROMPT__# docker build -t swe-ubuntu-base /tmp/tmpar3b47u4 ; status=$? ; echo __CMD_DONE_42A7EE__$status
docker build -t swe-ubuntu-base /tmp/tmpar3b47u4 ; status=$? ; echo __CMD_DONE_42A7EE__$status
[?2004l[1A[1B[0G[?25l[+] Building 0.0s (0/0)  docker:desktop-linux
[?25h[1A[0G[?25l[+] Building 0.0s (0/1)                                    docker:desktop-linux
[?25h[1A[0G[?25l[+] Building 0.2s (1/2)                                    docker:desktop-linux
[34m => [internal] load build definition from Dockerfile                       0.1s
[0m[34m => => transferring dockerfile: 961B                                       0.0s
[0m => WARN: FromPlatformFlagConstDisallowed: FROM --platform flag should no  0.1s
 => [internal] load metadata for docker.io/library/ubuntu:22.04            0.2s
[?25h[1A[1A[1A[1A[1A[0G[?25l[+] Building 0.4s (1/2)                                    docker:desktop-linux
[34m => [internal] load build definition from Dockerfile                       0.1s
[0m[34m => => transferring dockerfile: 961B                                       0.0s
[0m => WARN: FromPlatformFlagConstDisallowed: FROM --platform flag should no  0.1s
 => [internal] load metadata for docker.io/library/ubuntu:22.04            0.3s
[?25h[1A[1A[1A[1A[1A[0G[?25l[+] Building 0.5s (1/2)                                    docker:desktop-linux
[34m => [internal] load build definition from Dockerfile                       0.1s
[0m[34m => => transferring dockerfile: 961B                                       0.0s
[0m => WARN: FromPlatformFlagConstDisallowed: FROM --platform flag should no  0.1s
 => [internal] load metadata for docker.io/library/ubuntu:22.04            0.5s
[?25h[1A[1A[1A[1A[1A[0G[?25l[+] Building 0.7s (1/2)                                    docker:desktop-linux
[34m => [internal] load build definition from Dockerfile                       0.1s
[0m[34m => => transferring dockerfile: 961B                                       0.0s
[0m => WARN: FromPlatformFlagConstDisallowed: FROM --platform flag should no  0.1s
 => [internal] load metadata for docker.io/library/ubuntu:22.04            0.6s
[?25h[1A[1A[1A[1A[1A[0G[?25l[+] Building 0.8s (1/2)                                    docker:desktop-linux
[34m => [internal] load build definition from Dockerfile                       0.1s
[0m[34m => => transferring dockerfile: 961B                                       0.0s
[0m => WARN: FromPlatformFlagConstDisallowed: FROM --platform flag should no  0.1s
 => [internal] load metadata for docker.io/library/ubuntu:22.04            0.8s
[?25h[1A[1A[1A[1A[1A[0G[?25l[+] Building 1.0s (1/2)                                    docker:desktop-linux
[34m => [internal] load build definition from Dockerfile                       0.1s
[0m[34m => => transferring dockerfile: 961B                                       0.0s
[0m => WARN: FromPlatformFlagConstDisallowed: FROM --platform flag should no  0.1s
 => [internal] load metadata for docker.io/library/ubuntu:22.04            0.9s
[?25h[1A[1A[1A[1A[1A[0G[?25l[+] Building 1.1s (1/2)                                    docker:desktop-linux
[34m => [internal] load build definition from Dockerfile                       0.1s
[0m[34m => => transferring dockerfile: 961B                                       0.0s
[0m => WARN: FromPlatformFlagConstDisallowed: FROM --platform flag should no  0.1s
 => [internal] load metadata for docker.io/library/ubuntu:22.04            1.1s
[?25h[1A[1A[1A[1A[1A[0G[?25l[+] Building 1.3s (1/2)                                    docker:desktop-linux
[34m => [internal] load build definition from Dockerfile                       0.1s
[0m[34m => => transferring dockerfile: 961B                                       0.0s
[0m => WARN: FromPlatformFlagConstDisallowed: FROM --platform flag should no  0.1s
 => [internal] load metadata for docker.io/library/ubuntu:22.04            1.2s
[?25h[1A[1A[1A[1A[1A[0G[?25l[+] Building 1.4s (1/2)                                    docker:desktop-linux
[34m => [internal] load build definition from Dockerfile                       0.1s
[0m[34m => => transferring dockerfile: 961B                                       0.0s
[0m => WARN: FromPlatformFlagConstDisallowed: FROM --platform flag should no  0.1s
 => [internal] load metadata for docker.io/library/ubuntu:22.04            1.4s
[?25h[1A[1A[1A[1A[1A[0G[?25l[+] Building 1.6s (1/2)                                    docker:desktop-linux
[34m => [internal] load build definition from Dockerfile                       0.1s
[0m[34m => => transferring dockerfile: 961B                                       0.0s
[0m => WARN: FromPlatformFlagConstDisallowed: FROM --platform flag should no  0.1s
 => [internal] load metadata for docker.io/library/ubuntu:22.04            1.5s
[?25h[1A[1A[1A[1A[1A[0G[?25l[+] Building 1.7s (1/2)                                    docker:desktop-linux
[34m => [internal] load build definition from Dockerfile                       0.1s
[0m[34m => => transferring dockerfile: 961B                                       0.0s
[0m => WARN: FromPlatformFlagConstDisallowed: FROM --platform flag should no  0.1s
 => [internal] load metadata for docker.io/library/ubuntu:22.04            1.7s
[?25h[1A[1A[1A[1A[1A[0G[?25l[+] Building 1.9s (1/2)                                    docker:desktop-linux
[34m => [internal] load build definition from Dockerfile                       0.1s
[0m[34m => => transferring dockerfile: 961B                                       0.0s
[0m => WARN: FromPlatformFlagConstDisallowed: FROM --platform flag should no  0.1s
 => [internal] load metadata for docker.io/library/ubuntu:22.04            1.8s
[?25h[1A[1A[1A[1A[1A[0G[?25l[+] Building 2.0s (1/2)                                    docker:desktop-linux
[34m => [internal] load build definition from Dockerfile                       0.1s
[0m[34m => => transferring dockerfile: 961B                                       0.0s
[0m => WARN: FromPlatformFlagConstDisallowed: FROM --platform flag should no  0.1s
 => [internal] load metadata for docker.io/library/ubuntu:22.04            2.0s
[?25h[1A[1A[1A[1A[1A[0G[?25l[+] Building 2.2s (1/2)                                    docker:desktop-linux
[34m => [internal] load build definition from Dockerfile                       0.1s
[0m[34m => => transferring dockerfile: 961B                                       0.0s
[0m => WARN: FromPlatformFlagConstDisallowed: FROM --platform flag should no  0.1s
 => [internal] load metadata for docker.io/library/ubuntu:22.04            2.1s
[?25h[1A[1A[1A[1A[1A[0G[?25l[+] Building 2.3s (1/2)                                    docker:desktop-linux
[34m => [internal] load build definition from Dockerfile                       0.1s
[0m[34m => => transferring dockerfile: 961B                                       0.0s
[0m => WARN: FromPlatformFlagConstDisallowed: FROM --platform flag should no  0.1s
 => [internal] load metadata for docker.io/library/ubuntu:22.04            2.3s
[?25h[1A[1A[1A[1A[1A[0G[?25l[+] Building 2.5s (1/2)                                    docker:desktop-linux
[34m => [internal] load build definition from Dockerfile                       0.1s
[0m[34m => => transferring dockerfile: 961B                                       0.0s
[0m => WARN: FromPlatformFlagConstDisallowed: FROM --platform flag should no  0.1s
 => [internal] load metadata for docker.io/library/ubuntu:22.04            2.4s
[?25h[1A[1A[1A[1A[1A[0G[?25l[+] Building 2.5s (2/2)                                    docker:desktop-linux
[34m => [internal] load build definition from Dockerfile                       0.1s
[0m[34m => => transferring dockerfile: 961B                                       0.0s
[0m => WARN: FromPlatformFlagConstDisallowed: FROM --platform flag should no  0.1s
[34m => [internal] load metadata for docker.io/library/ubuntu:22.04            2.4s
[0m[?25h[1A[1A[1A[1A[1A[0G[?25l[+] Building 2.6s (2/3)                                    docker:desktop-linux
[34m => [internal] load build definition from Dockerfile                       0.1s
[0m[34m => => transferring dockerfile: 961B                                       0.0s
[0m => WARN: FromPlatformFlagConstDisallowed: FROM --platform flag should no  0.1s
[34m => [internal] load metadata for docker.io/library/ubuntu:22.04            2.4s
[0m => [internal] load .dockerignore                                          0.1s
 => => transferring context:                                               0.0s
[?25h[1A[1A[1A[1A[1A[1A[1A[0G[?25l[+] Building 2.7s (3/12)                                   docker:desktop-linux
[34m => [internal] load build definition from Dockerfile                       0.1s
[0m[34m => => transferring dockerfile: 961B                                       0.0s
[0m => WARN: FromPlatformFlagConstDisallowed: FROM --platform flag should no  0.1s
[34m => [internal] load metadata for docker.io/library/ubuntu:22.04            2.4s
[0m[34m => [internal] load .dockerignore                                          0.2s
[0m[34m => => transferring context: 2B                                            0.1s
[0m[?25h[1A[1A[1A[1A[1A[1A[1A[0G[?25l[+] Building 2.9s (13/13)                                  docker:desktop-linux
[34m => [internal] load build definition from Dockerfile                       0.1s
[0m[34m => => transferring dockerfile: 961B                                       0.0s
[0m => WARN: FromPlatformFlagConstDisallowed: FROM --platform flag should no  0.1s
[34m => [internal] load metadata for docker.io/library/ubuntu:22.04            2.4s
[0m[34m => [internal] load .dockerignore                                          0.2s
[0m[34m => => transferring context: 2B                                            0.1s
[0m[34m => [1/9] FROM docker.io/library/ubuntu:22.04@sha256:01a3ee0b5e413cefaaff  0.0s
[0m[34m => CACHED [2/9] RUN apt update && apt install -y --no-install-recommends  0.0s
[0m[34m => CACHED [3/9] RUN wget 'https://repo.anaconda.com/miniconda/Miniconda3  0.0s
[0m[34m => CACHED [4/9] RUN conda init --all                                      0.0s
[0m[34m => CACHED [5/9] RUN conda config --append channels conda-forge            0.0s
[0m[34m => CACHED [6/9] RUN conda create -y -n py_3.8 python=3.8                  0.0s
[0m[34m => CACHED [7/9] WORKDIR /testbed                                          0.0s
[0m[34m => CACHED [8/9] RUN groupadd --gid 1000 sandbox &&     useradd --uid 100  0.0s
[0m[34m => CACHED [9/9] WORKDIR /testbed                                          0.0s
[0m[34m => exporting to image                                                     0.2s
[0m[34m => => exporting layers                                                    0.0s
[0m[34m => => writing image sha256:cfa4cf354ac842a020958cca05c6a64c7eddaf64741be  0.0s
[0m[34m => => naming to docker.io/library/swe-ubuntu-base                         0.0s
[0m[?25h[1A[1A[1A[1A[1A[1A[1A[1A[1A[1A[1A[1A[1A[1A[1A[1A[1A[1A[1A[1A[0G[?25l[+] Building 3.1s (13/13)                                  docker:desktop-linux
[34m => [internal] load build definition from Dockerfile                       0.1s
[0m[34m => => transferring dockerfile: 961B                                       0.0s
[0m => WARN: FromPlatformFlagConstDisallowed: FROM --platform flag should no  0.1s
[34m => [internal] load metadata for docker.io/library/ubuntu:22.04            2.4s
[0m[34m => [internal] load .dockerignore                                          0.2s
[0m[34m => => transferring context: 2B                                            0.1s
[0m[34m => [1/9] FROM docker.io/library/ubuntu:22.04@sha256:01a3ee0b5e413cefaaff  0.0s
[0m[34m => CACHED [2/9] RUN apt update && apt install -y --no-install-recommends  0.0s
[0m[34m => CACHED [3/9] RUN wget 'https://repo.anaconda.com/miniconda/Miniconda3  0.0s
[0m[34m => CACHED [4/9] RUN conda init --all                                      0.0s
[0m[34m => CACHED [5/9] RUN conda config --append channels conda-forge            0.0s
[0m[34m => CACHED [6/9] RUN conda create -y -n py_3.8 python=3.8                  0.0s
[0m[34m => CACHED [7/9] WORKDIR /testbed                                          0.0s
[0m[34m => CACHED [8/9] RUN groupadd --gid 1000 sandbox &&     useradd --uid 100  0.0s
[0m[34m => CACHED [9/9] WORKDIR /testbed                                          0.0s
[0m[34m => exporting to image                                                     0.2s
[0m[34m => => exporting layers                                                    0.0s
[0m[34m => => writing image sha256:cfa4cf354ac842a020958cca05c6a64c7eddaf64741be  0.0s
[0m[34m => => naming to docker.io/library/swe-ubuntu-base                         0.0s
[0m[?25h[1A[1A[1A[1A[1A[1A[1A[1A[1A[1A[1A[1A[1A[1A[1A[1A[1A[1A[1A[1A[0G[?25l[+] Building 3.3s (13/13)                                  docker:desktop-linux
[34m => [internal] load build definition from Dockerfile                       0.1s
[0m[34m => => transferring dockerfile: 961B                                       0.0s
[0m => WARN: FromPlatformFlagConstDisallowed: FROM --platform flag should no  0.1s
[34m => [internal] load metadata for docker.io/library/ubuntu:22.04            2.4s
[0m[34m => [internal] load .dockerignore                                          0.2s
[0m[34m => => transferring context: 2B                                            0.1s
[0m[34m => [1/9] FROM docker.io/library/ubuntu:22.04@sha256:01a3ee0b5e413cefaaff  0.0s
[0m[34m => CACHED [2/9] RUN apt update && apt install -y --no-install-recommends  0.0s
[0m[34m => CACHED [3/9] RUN wget 'https://repo.anaconda.com/miniconda/Miniconda3  0.0s
[0m[34m => CACHED [4/9] RUN conda init --all                                      0.0s
[0m[34m => CACHED [5/9] RUN conda config --append channels conda-forge            0.0s
[0m[34m => CACHED [6/9] RUN conda create -y -n py_3.8 python=3.8                  0.0s
[0m[34m => CACHED [7/9] WORKDIR /testbed                                          0.0s
[0m[34m => CACHED [8/9] RUN groupadd --gid 1000 sandbox &&     useradd --uid 100  0.0s
[0m[34m => CACHED [9/9] WORKDIR /testbed                                          0.0s
[0m[34m => exporting to image                                                     0.2s
[0m[34m => => exporting layers                                                    0.0s
[0m[34m => => writing image sha256:cfa4cf354ac842a020958cca05c6a64c7eddaf64741be  0.0s
[0m[34m => => naming to docker.io/library/swe-ubuntu-base                         0.0s
[0m[?25h[1A[1A[1A[1A[1A[1A[1A[1A[1A[1A[1A[1A[1A[1A[1A[1A[1A[1A[1A[1A[0G[?25l[+] Building 3.4s (13/13)                                  docker:desktop-linux
[34m => [internal] load build definition from Dockerfile                       0.1s
[0m[34m => => transferring dockerfile: 961B                                       0.0s
[0m => WARN: FromPlatformFlagConstDisallowed: FROM --platform flag should no  0.1s
[34m => [internal] load metadata for docker.io/library/ubuntu:22.04            2.4s
[0m[34m => [internal] load .dockerignore                                          0.2s
[0m[34m => => transferring context: 2B                                            0.1s
[0m[34m => [1/9] FROM docker.io/library/ubuntu:22.04@sha256:01a3ee0b5e413cefaaff  0.0s
[0m[34m => CACHED [2/9] RUN apt update && apt install -y --no-install-recommends  0.0s
[0m[34m => CACHED [3/9] RUN wget 'https://repo.anaconda.com/miniconda/Miniconda3  0.0s
[0m[34m => CACHED [4/9] RUN conda init --all                                      0.0s
[0m[34m => CACHED [5/9] RUN conda config --append channels conda-forge            0.0s
[0m[34m => CACHED [6/9] RUN conda create -y -n py_3.8 python=3.8                  0.0s
[0m[34m => CACHED [7/9] WORKDIR /testbed                                          0.0s
[0m[34m => CACHED [8/9] RUN groupadd --gid 1000 sandbox &&     useradd --uid 100  0.0s
[0m[34m => CACHED [9/9] WORKDIR /testbed                                          0.0s
[0m[34m => exporting to image                                                     0.2s
[0m[34m => => exporting layers                                                    0.0s
[0m[34m => => writing image sha256:cfa4cf354ac842a020958cca05c6a64c7eddaf64741be  0.0s
[0m[34m => => naming to docker.io/library/swe-ubuntu-base                         0.0s
[0m[?25h[1A[1A[1A[1A[1A[1A[1A[1A[1A[1A[1A[1A[1A[1A[1A[1A[1A[1A[1A[1A[0G[?25l[+] Building 3.4s (13/13) FINISHED                         docker:desktop-linux
[34m => [internal] load build definition from Dockerfile                       0.1s
[0m[34m => => transferring dockerfile: 961B                                       0.0s
[0m => WARN: FromPlatformFlagConstDisallowed: FROM --platform flag should no  0.1s
[34m => [internal] load metadata for docker.io/library/ubuntu:22.04            2.4s
[0m[34m => [internal] load .dockerignore                                          0.2s
[0m[34m => => transferring context: 2B                                            0.1s
[0m[34m => [1/9] FROM docker.io/library/ubuntu:22.04@sha256:01a3ee0b5e413cefaaff  0.0s
[0m[34m => CACHED [2/9] RUN apt update && apt install -y --no-install-recommends  0.0s
[0m[34m => CACHED [3/9] RUN wget 'https://repo.anaconda.com/miniconda/Miniconda3  0.0s
[0m[34m => CACHED [4/9] RUN conda init --all                                      0.0s
[0m[34m => CACHED [5/9] RUN conda config --append channels conda-forge            0.0s
[0m[34m => CACHED [6/9] RUN conda create -y -n py_3.8 python=3.8                  0.0s
[0m[34m => CACHED [7/9] WORKDIR /testbed                                          0.0s
[0m[34m => CACHED [8/9] RUN groupadd --gid 1000 sandbox &&     useradd --uid 100  0.0s
[0m[34m => CACHED [9/9] WORKDIR /testbed                                          0.0s
[0m[34m => exporting to image                                                     0.2s
[0m[34m => => exporting layers                                                    0.0s
[0m[34m => => writing image sha256:cfa4cf354ac842a020958cca05c6a64c7eddaf64741be  0.0s
[0m[34m => => naming to docker.io/library/swe-ubuntu-base                         0.0s
[0m[?25h
 [33m1 warning found (use docker --debug to expand):
[0m - FromPlatformFlagConstDisallowed: FROM --platform flag should not use constant value "linux/x86_64" (line 1)

View build details: ]8;;docker-desktop://dashboard/build/desktop-linux/desktop-linux/7ew0kfhsdbdoi10r1nitfbvgk\docker-desktop://dashboard/build/desktop-linux/desktop-linux/7ew0kfhsdbdoi10r1nitfbvgk]8;;\
__CMD_DONE_42A7EE__0
[?2004h__PEXPECT_PROMPT__# docker run --mount type=bind,src=/home/lahiru-menik/Documents/fyp/e19-4yp-Solve-Issues-In-Large-Code-Repositories/code/retriever/testbed/django,dst=/testbed -it swe-ubuntu-base bash ; status=$? ; echo __CMD_DONE_42A7EE__$status
docker run --mount type=bind,src=/home/lahiru-menik/Documents/fyp/e19-4yp-Solve-Issues-In-Large-Code-Repositories/code/retriever/testbed/django,dst=/testbed -it swe-ubuntu-base bash ; status=$? ; echo __CMD_DONE_42A7EE__$status
[?2004l[?2004h]0;sandbox@9a437cc004c7: /testbedsandbox@9a437cc004c7:/testbed$ 